ickehier:~/workspace (master) $ mv files/05\ -\ The\ Great\ Gig\ In\ The\ Sky.mp3 files/sound.mp3
ickehier:~/workspace (master) $ git status
On branch master
Changes not staged for commit:
  (use "git add <file>..." to update what will be committed)
  (use "git checkout -- <file>..." to discard changes in working directory)

        modified:   FirstHTMLPage.html

Untracked files:
  (use "git add <file>..." to include in what will be committed)

        About.html
        Contact.html
        Impressum.html
        StartPage.html
        Welcome.html
        files/

no changes added to commit (use "git add" and/or "git commit -a")
ickehier:~/workspace (master) $ git commit -a
[master a8e44cd] Homework 2
 1 file changed, 4 insertions(+), 3 deletions(-)
ickehier:~/workspace (master) $ git remote
github
origin
ickehier:~/workspace (master) $ git remote github -status
error: Unknown subcommand: github
usage: git remote [-v | --verbose]
   or: git remote add [-t <branch>] [-m <master>] [-f] [--tags | --no-tags] [--mirror=<fetch|push>] <name> <url>
   or: git remote rename <old> <new>
   or: git remote remove <name>
   or: git remote set-head <name> (-a | --auto | -d | --delete | <branch>)
   or: git remote [-v | --verbose] show [-n] <name>
   or: git remote prune [-n | --dry-run] <name>
   or: git remote [-v | --verbose] update [-p | --prune] [(<group> | <remote>)...]
   or: git remote set-branches [--add] <name> <branch>...
   or: git remote get-url [--push] [--all] <name>
   or: git remote set-url [--push] <name> <newurl> [<oldurl>]
   or: git remote set-url --add <name> <newurl>
   or: git remote set-url --delete <name> <url>

    -v, --verbose         be verbose; must be placed before a subcommand

ickehier:~/workspace (master) $ git github commit -a
git: 'github' is not a git command. See 'git --help'.
ickehier:~/workspace (master) $ git remote commit -a                                                                                                                                                                                                 
error: Unknown subcommand: commit
usage: git remote [-v | --verbose]
   or: git remote add [-t <branch>] [-m <master>] [-f] [--tags | --no-tags] [--mirror=<fetch|push>] <name> <url>
   or: git remote rename <old> <new>
   or: git remote remove <name>
   or: git remote set-head <name> (-a | --auto | -d | --delete | <branch>)
   or: git remote [-v | --verbose] show [-n] <name>
   or: git remote prune [-n | --dry-run] <name>
   or: git remote [-v | --verbose] update [-p | --prune] [(<group> | <remote>)...]
   or: git remote set-branches [--add] <name> <branch>...
   or: git remote get-url [--push] [--all] <name>
   or: git remote set-url [--push] <name> <newurl> [<oldurl>]
   or: git remote set-url --add <name> <newurl>
   or: git remote set-url --delete <name> <url>

    -v, --verbose         be verbose; must be placed before a subcommand

ickehier:~/workspace (master) $ git push origin github/master 
Password: 
Received disconnect from 130.149.7.193: 2: Too many authentication failures for git
fatal: Could not read from remote repository.

Please make sure you have the correct access rights
and the repository exists.
ickehier:~/workspace (master) $ git push origin github/master 
Password: 
Received disconnect from 130.149.7.193: 2: Too many authentication failures for git
fatal: Could not read from remote repository.

Please make sure you have the correct access rights
and the repository exists.
ickehier:~/workspace (master) $ git push origin github/master 
Password: 
Received disconnect from 130.149.7.193: 2: Too many authentication failures for git
fatal: Could not read from remote repository.

Please make sure you have the correct access rights
and the repository exists.
ickehier:~/workspace (master) $ git push origin github/master 
Password: 
Received disconnect from 130.149.7.193: 2: Too many authentication failures for git
fatal: Could not read from remote repository.

Please make sure you have the correct access rights
and the repository exists.
ickehier:~/workspace (master) $ git push github/master origin
error: src refspec origin does not match any.
error: failed to push some refs to 'github/master'
ickehier:~/workspace (master) $ git push github/master master 
fatal: 'github/master' does not appear to be a git repository
fatal: Could not read from remote repository.

Please make sure you have the correct access rights
and the repository exists.
ickehier:~/workspace (master) $ git push 
github   origin   
ickehier:~/workspace (master) $ git push 
github   origin   
ickehier:~/workspace (master) $ git push 
github   origin   
ickehier:~/workspace (master) $ git push github 
HEAD            github/master   master          
ickehier:~/workspace (master) $ git push github 
HEAD            github/master   master          
ickehier:~/workspace (master) $ git push github 
HEAD            github/master   master          
ickehier:~/workspace (master) $ git push github 
HEAD            github/master   master          
ickehier:~/workspace (master) $ git push github master 
Username for 'https://github.com': ickehier23
Password for 'https://ickehier23@github.com': 
remote: Invalid username or password.
fatal: Authentication failed for 'https://github.com/ickehier29/webtech.git/'
ickehier:~/workspace (master) $ git push github master 
Username for 'https://github.com': ickehier29
Password for 'https://ickehier29@github.com': 
Counting objects: 3, done.
Delta compression using up to 8 threads.
Compressing objects: 100% (3/3), done.
Writing objects: 100% (3/3), 423 bytes | 0 bytes/s, done.
Total 3 (delta 1), reused 0 (delta 0)
remote: Resolving deltas: 100% (1/1), completed with 1 local objects.
To https://github.com/ickehier29/webtech.git
   e8b65b9..a8e44cd  master -> master
ickehier:~/workspace (master) $ git status
On branch master
Untracked files:
  (use "git add <file>..." to include in what will be committed)

        About.html
        Contact.html
        Impressum.html
        StartPage.html
        Welcome.html
        files/

nothing added to commit but untracked files present (use "git add" to track)
ickehier:~/workspace (master) $ git commit
On branch master
Untracked files:
        About.html
        Contact.html
        Impressum.html
        StartPage.html
        Welcome.html
        files/

nothing added to commit but untracked files present
ickehier:~/workspace (master) $ git status
On branch master
Untracked files:
  (use "git add <file>..." to include in what will be committed)

        About.html
        Contact.html
        Impressum.html
        StartPage.html
        Welcome.html
        files/

nothing added to commit but untracked files present (use "git add" to track)
ickehier:~/workspace (master) $ git add 
Nothing specified, nothing added.
Maybe you wanted to say 'git add .'?
ickehier:~/workspace (master) $ git add -all
error: did you mean `--all` (with two dashes ?)
ickehier:~/workspace (master) $ git add --all
ickehier:~/workspace (master) $ git push github master 
Username for 'https://github.com': ickehier29
Password for 'https://ickehier29@github.com': 
Everything up-to-date
ickehier:~/workspace (master) $ git status
On branch master
Changes to be committed:
  (use "git reset HEAD <file>..." to unstage)

        new file:   About.html
        new file:   Contact.html
        new file:   Impressum.html
        new file:   StartPage.html
        new file:   Welcome.html
        new file:   files/sound.mp3

ickehier:~/workspace (master) $ git commit --all
[master 1c61531] Homework 2
 6 files changed, 213 insertions(+)
 create mode 100644 About.html
 create mode 100644 Contact.html
 create mode 100644 Impressum.html
 create mode 100644 StartPage.html
 create mode 100644 Welcome.html
 create mode 100644 files/sound.mp3
ickehier:~/workspace (master) $ git push github master 
Username for 'https://github.com': ickehier29
Password for 'https://ickehier29@github.com': 
Counting objects: 9, done.
Delta compression using up to 8 threads.
Compressing objects: 100% (7/7), done.
Writing objects: 100% (9/9), 15.42 MiB | 588.00 KiB/s, done.
Total 9 (delta 0), reused 0 (delta 0)
To https://github.com/ickehier29/webtech.git
   a8e44cd..1c61531  master -> master
ickehier:~/workspace (master) $ 